Flutter crash report.
Please report a bug at https://github.com/flutter/flutter/issues.

## command

flutter build apk --release

## exception

ProcessException: ProcessException: The system cannot find the file specified (at ../../runtime/bin/process_win.cc:577)
  Command: C:\Women\she_shield\android\gradlew.bat -q -Ptarget-platform=android-arm,android-arm64,android-x64 -Ptarget=lib\main.dart -Pbase-application-name=android.app.Application -Pdart-defines=RkxVVFRFUl9WRVJTSU9OPTMuNDQuMQ==,RkxVVFRFUl9DSEFOTkVMPXN0YWJsZQ==,RkxVVFRFUl9HSVRfVVJMPWh0dHBzOi8vZ2l0aHViLmNvbS9mbHV0dGVyL2ZsdXR0ZXIuZ2l0,RkxVVFRFUl9GUkFNRVdPUktfUkVWSVNJT049OTI0MTM0YTQ0Yw==,RkxVVFRFUl9FTkdJTkVfUkVWSVNJT049YzQxNmFjZmViOA==,RkxVVFRFUl9EQVJUX1ZFUlNJT049My4xMi4x -Pdart-obfuscation=false -Ptrack-widget-creation=true -Ptree-shake-icons=true assembleRelease

```
#0      _ProcessImpl._start (dart:io-patch/process_patch.dart:411:33)
#1      Process.start (dart:io-patch/process_patch.dart:42:20)
#2      LocalProcessManager.start (package:process/src/interface/local_process_manager.dart:42:22)
#3      ErrorHandlingProcessManager.start.<anonymous closure> (package:flutter_tools/src/base/error_handling_io.dart:654:26)
#4      _run (package:flutter_tools/src/base/error_handling_io.dart:514:20)
#5      ErrorHandlingProcessManager.start (package:flutter_tools/src/base/error_handling_io.dart:652:12)
#6      _DefaultProcessUtils.start (package:flutter_tools/src/base/process.dart:538:28)
#7      _DefaultProcessUtils.stream (package:flutter_tools/src/base/process.dart:558:3
<truncated 3141 bytes>
• Android SDK at C:\Users\ADMIN\AppData\Local\Android\sdk
    • Emulator version 36.5.11.0 (build_id 15261927) (CL:N/A)
    ✗ cmdline-tools component is missing.
      Try installing or updating Android Studio.
      Alternatively, download the tools from https://developer.android.com/studio#command-line-tools-only and make sure to set the ANDROID_HOME environment variable.
      See https://developer.android.com/studio/command-line for more details.
    ✗ Android license status unknown.
      Run `flutter doctor --android-licenses` to accept the SDK licenses.
      See https://flutter.dev/to/windows-android-setup for more details.

[✓] Chrome - develop for the web [441ms]
    • Chrome at C:\Program Files\Google\Chrome\Application\chrome.exe

[!] Visual Studio - develop Windows apps (Visual Studio Build Tools 2026 18.6.2) [440ms]
    • Visual Studio at C:\Program Files (x86)\Microsoft Visual Studio\18\BuildTools
    • Visual Studio Build Tools 2026 version 18.6.11822.322
    ✗ Visual Studio is missing necessary components. Please re-run the Visual Studio installer for the "Desktop development with C++" workload, and include these components:
        MSVC v142 - VS 2019 C++ x64/x86 build tools
         - If there are multiple build tool versions available, install the latest
        C++ CMake tools for Windows
        Windows 10 SDK

[✓] Connected device (3 available) [2.9s]
    • Windows (desktop) • windows • windows-x64    • Microsoft Windows [Version 10.0.26200.8524]
    • Chrome (web)      • chrome  • web-javascript • Google Chrome 148.0.7778.181
    • Edge (web)        • edge    • web-javascript • Microsoft Edge 148.0.3967.96

[✓] Network resources [1,548ms]
    • All expected network resources are available.

! Doctor found issues in 3 categories.
```
